eeschema (2013-07-07 BZR 4022)-stable  >> Creation date: 04.02.2014 18:11:04
#Cmp ( order = Reference )
| C2         10n         
| C3         100n        
| C4         220µ       
| C5         100n        
| C6         100n        
| C7         100n        
| C8         220µ       
| C9         100n        
| C10        100n        
| C11        100n        
| C12        22p         
| C13        22p         
| C14        100n        
| C16        100n        
| C17        10n         
| C18        100n        
| CON1       AVR-ISP-10  
| D2         LED         
| D3         LED         
| IC1        MCP2551-I/P 
| IC2        MCP2515     
| IC3        ATMEGA168-P 
| JP1        JUMPER      
| JP2        JUMPER      
| K1         CONN_3      
| K2         CONN_3      
| P2         CONN_4      
| P3         CONN_4      
| P6         CONN_4      
| P7         CONN_5      
| P8         CONN_6      
| P9         CONN_2      
| P10        CONN_2      
| P11        CONN_4      
| P12        CONN_2      
| Q1         MOS_P       
| R1         680R        
| R2         680R        
| R3         330         
| R4         560         
| R5         10k         
| R6         0R          
| R7         0R          
| R8         10k         
| R9         10k         
| R10        10k         
| R11        10k         
| R12        10K         
| R13        120         
| R14        3.9k        
| R15        3.9k        
| R16        330R        
| R17        330R        
| R18        10k         
| R19        10k         
| R20        120         
| R22        680R        
| SW2        SW_PUSH     
| U1         24C512      
| U2         LM317       
| U3         PCA9516     
| X1         CRYSTAL     
#End Cmp

#Komponenten ( Sortiert nach Wert )
| 22p          C12       
| 22p          C13       
| 10n          C2        
| 10n          C17       
| 100n         C3        
| 100n         C5        
| 100n         C6        
| 100n         C7        
| 100n         C9        
| 100n         C10       
| 100n         C11       
| 100n         C14       
| 100n         C16       
| 100n         C18       
| 220µ        C4        
| 220µ        C8        
| AVR-ISP-10   CON1      
| LED          D2        
| LED          D3        
| MCP2515      IC2       
| ATMEGA168-P  IC3       
| MCP2551-I/P  IC1       
| JUMPER       JP1       
| JUMPER       JP2       
| CONN_3       K1        
| CONN_3       K2        
| CONN_4       P2        
| CONN_4       P3        
| CONN_4       P6        
| CONN_5       P7        
| CONN_6       P8        
| CONN_2       P9        
| CONN_2       P10       
| CONN_4       P11       
| CONN_2       P12       
| MOS_P        Q1        
| 0R           R6        
| 0R           R7        
| 120          R13       
| 120          R20       
| 330          R3        
| 330R         R16       
| 330R         R17       
| 560          R4        
| 680R         R1        
| 680R         R2        
| 680R         R22       
| 3.9k         R14       
| 3.9k         R15       
| 10k          R5        
| 10k          R8        
| 10k          R9        
| 10k          R10       
| 10k          R11       
| 10K          R12       
| 10k          R18       
| 10k          R19       
| SW_PUSH      SW2       
| 24C512       U1        
| PCA9516      U3        
| LM317        U2        
| CRYSTAL      X1        
#Ende der Komponente

#Ende der Liste
