eeschema (2013-07-07 BZR 4022)-stable  >> Creation date: 04.02.2014 21:49:21

#Komponenten ( Sortiert nach Wert )
| 22p          C7        
| 22p          C14       
| 22p          C20       
| 22p          C21       
| 10n          C26       
| 100n         C1        
| 100n         C2        
| 100n         C3        
| 100n         C4        
| 100n         C5        
| 100n         C6        
| 100n         C8        
| 100n         C9        
| 100n         C10       
| 100n         C12       
| 100n         C13       
| 100n         C15       
| 100n         C16       
| 100n         C18       
| 2200µ       C11       
| 2200µ       C17       
| 2200µ       C19       
| AVR-ISP-10   CON1      
| DIODE        D1        
| DIODESCH     D2        
| LED          D3        
| LED          D4        
| LED          D5        
| LED          D6        
| LED          D7        
| LED          D8        
| LED          D9        
| LED          D10       
| LED          D11       
| MCP2515      IC3       
| ATMEGA32-P   IC2       
| MCP2551-I/P  IC1       
| JUMPER       JP1       
| JUMPER       JP2       
| CONN_3       K1        
| CONN_3       K2        
| CONN_4       P1        
| CONN_2       P2        
| SD/MMC       P3        
| 74HC4050     P4        
| CONN_4       P5        
| CONN_4       P6        
| CONN_3X2     P7        
| CONN_4       P8        
| CONN_3X2     P9        
| CONN_3X2     P10       
| NPN          Q1        
| NPN          Q2        
| 0            R12       
| 0            R13       
| 120          R1        
| 130          R16       
| 150          R3        
| 330          R5        
| 470          R4        
| 470          R41       
| 560          R6        
| 1k           R7        
| 1k           R10       
| 1k           R17       
| 1k           R18       
| 1k           R19       
| 1k           R20       
| 1k           R21       
| 1k           R22       
| 1k           R23       
| 1k           R24       
| 1k           R42       
| 3k           R8        
| 3.9k         R14       
| 3.9k         R15       
| 10k          R9        
| 10k          R11       
| 10k          R25       
| 10k          R26       
| 10k          R27       
| 10k          R28       
| 10k          R29       
| 10k          R30       
| 10k          R31       
| 10k          R32       
| 10k          R33       
| 10k          R34       
| 10k          R35       
| 10k          R36       
| 10k          R37       
| 10k          R38       
| 10k          R39       
| 10k          R40       
| nb           R2        
| SW_PUSH      SW1       
| SW_PUSH      SW2       
| PCF8574      U3        
| UDN2981      U4        
| 24C512       U5        
| 24C512       U6        
| LM317        U1        
| LM317        U2        
| LM317        U7        
| CRYSTAL      X1        
| CRYSTAL      X2        
#Ende der Komponente

#Ende der Liste
